ecfr/21-CFR-11.10|https://www.ecfr.gov/current/title-21/chapter-I/subchapter-A/part-11/subpart-B/section-11.10|U.S. Government public domain|public_domain_citation_allowed
ecfr/21-CFR-11.70|https://www.ecfr.gov/current/title-21/chapter-I/subchapter-A/part-11/subpart-B/section-11.70|U.S. Government public domain|public_domain_citation_allowed
